The following generation flags are not valid and may be ignored: ['temperature', 'top_p', 'top_k']. Set `TRANSFORMERS_VERBOSITY=info` for more details.
score RubiksCubeLeftOfBowlMatchedTask episode=0 chunk=0 quadrant=neither_imagines_nor_executes_requested
score RubiksCubeLeftOfBowlMatchedTask episode=0 chunk=1 quadrant=uncertain_future
score RubiksCubeLeftOfBowlMatchedTask episode=0 chunk=2 quadrant=neither_imagines_nor_executes_requested
score RubiksCubeLeftOfBowlMatchedTask episode=0 chunk=3 quadrant=neither_imagines_nor_executes_requested
score RubiksCubeLeftOfBowlMatchedTask episode=0 chunk=4 quadrant=uncertain_future
score RubiksCubeLeftOfBowlMatchedTask episode=0 chunk=5 quadrant=uncertain_future
score RubiksCubeLeftOfBowlMatchedTask episode=0 chunk=6 quadrant=uncertain_future
score RubiksCubeLeftOfBowlMatchedTask episode=0 chunk=7 quadrant=uncertain_future
score RubiksCubeLeftOfBowlMatchedTask episode=0 chunk=8 quadrant=neither_imagines_nor_executes_requested
score RubiksCubeLeftOfBowlMatchedTask episode=0 chunk=9 quadrant=neither_imagines_nor_executes_requested
score RubiksCubeLeftOfBowlMatchedTask episode=0 chunk=10 quadrant=neither_imagines_nor_executes_requested
score RubiksCubeLeftOfBowlMatchedTask episode=0 chunk=11 quadrant=uncertain_future
score RubiksCubeLeftOfBowlMatchedTask episode=0 chunk=12 quadrant=neither_imagines_nor_executes_requested
score RubiksCubeLeftOfBowlMatchedTask episode=0 chunk=13 quadrant=uncertain_future
score RubiksCubeLeftOfBowlMatchedTask episode=0 chunk=14 quadrant=neither_imagines_nor_executes_requested
score RubiksCubeLeftOfBowlMatchedTask episode=1 chunk=0 quadrant=neither_imagines_nor_executes_requested
score RubiksCubeLeftOfBowlMatchedTask episode=1 chunk=1 quadrant=neither_imagines_nor_executes_requested
score RubiksCubeLeftOfBowlMatchedTask episode=1 chunk=2 quadrant=neither_imagines_nor_executes_requested
score RubiksCubeLeftOfBowlMatchedTask episode=1 chunk=3 quadrant=uncertain_future
score RubiksCubeLeftOfBowlMatchedTask episode=1 chunk=4 quadrant=neither_imagines_nor_executes_requested
score RubiksCubeLeftOfBowlMatchedTask episode=1 chunk=5 quadrant=neither_imagines_nor_executes_requested
score RubiksCubeLeftOfBowlMatchedTask episode=1 chunk=6 quadrant=neither_imagines_nor_executes_requested
score RubiksCubeLeftOfBowlMatchedTask episode=1 chunk=7 quadrant=neither_imagines_nor_executes_requested
score RubiksCubeLeftOfBowlMatchedTask episode=1 chunk=8 quadrant=neither_imagines_nor_executes_requested
score RubiksCubeLeftOfBowlMatchedTask episode=1 chunk=9 quadrant=neither_imagines_nor_executes_requested
score RubiksCubeLeftOfBowlMatchedTask episode=1 chunk=10 quadrant=does_not_imagine_requested_executes_requested
score RubiksCubeLeftOfBowlMatchedTask episode=2 chunk=0 quadrant=neither_imagines_nor_executes_requested
score RubiksCubeLeftOfBowlMatchedTask episode=2 chunk=1 quadrant=neither_imagines_nor_executes_requested
score RubiksCubeLeftOfBowlMatchedTask episode=2 chunk=2 quadrant=uncertain_future
score RubiksCubeLeftOfBowlMatchedTask episode=2 chunk=3 quadrant=imagines_requested_executes_requested
score RubiksCubeLeftOfBowlMatchedTask episode=3 chunk=0 quadrant=neither_imagines_nor_executes_requested
score RubiksCubeLeftOfBowlMatchedTask episode=3 chunk=1 quadrant=uncertain_future
score RubiksCubeLeftOfBowlMatchedTask episode=3 chunk=2 quadrant=neither_imagines_nor_executes_requested
score RubiksCubeLeftOfBowlMatchedTask episode=3 chunk=3 quadrant=neither_imagines_nor_executes_requested
score RubiksCubeLeftOfBowlMatchedTask episode=3 chunk=4 quadrant=uncertain_future
score RubiksCubeLeftOfBowlMatchedTask episode=3 chunk=5 quadrant=uncertain_future
score RubiksCubeLeftOfBowlMatchedTask episode=3 chunk=6 quadrant=uncertain_future
score RubiksCubeLeftOfBowlMatchedTask episode=3 chunk=7 quadrant=neither_imagines_nor_executes_requested
score RubiksCubeLeftOfBowlMatchedTask episode=3 chunk=8 quadrant=neither_imagines_nor_executes_requested
score RubiksCubeLeftOfBowlMatchedTask episode=3 chunk=9 quadrant=uncertain_future
score RubiksCubeLeftOfBowlMatchedTask episode=3 chunk=10 quadrant=uncertain_future
score RubiksCubeLeftOfBowlMatchedTask episode=3 chunk=11 quadrant=neither_imagines_nor_executes_requested
score RubiksCubeLeftOfBowlMatchedTask episode=3 chunk=12 quadrant=neither_imagines_nor_executes_requested
score RubiksCubeLeftOfBowlMatchedTask episode=3 chunk=13 quadrant=neither_imagines_nor_executes_requested
score RubiksCubeLeftOfBowlMatchedTask episode=3 chunk=14 quadrant=uncertain_future
score RubiksCubeLeftOfBowlMatchedTask episode=4 chunk=0 quadrant=neither_imagines_nor_executes_requested
score RubiksCubeLeftOfBowlMatchedTask episode=4 chunk=1 quadrant=neither_imagines_nor_executes_requested
score RubiksCubeLeftOfBowlMatchedTask episode=4 chunk=2 quadrant=uncertain_future
score RubiksCubeLeftOfBowlMatchedTask episode=4 chunk=3 quadrant=neither_imagines_nor_executes_requested
score RubiksCubeLeftOfBowlMatchedTask episode=4 chunk=4 quadrant=uncertain_future
score RubiksCubeLeftOfBowlMatchedTask episode=4 chunk=5 quadrant=neither_imagines_nor_executes_requested
score RubiksCubeLeftOfBowlMatchedTask episode=4 chunk=6 quadrant=neither_imagines_nor_executes_requested
score RubiksCubeLeftOfBowlMatchedTask episode=4 chunk=7 quadrant=neither_imagines_nor_executes_requested
score RubiksCubeLeftOfBowlMatchedTask episode=4 chunk=8 quadrant=neither_imagines_nor_executes_requested
score RubiksCubeLeftOfBowlMatchedTask episode=4 chunk=9 quadrant=uncertain_future
score RubiksCubeLeftOfBowlMatchedTask episode=4 chunk=10 quadrant=neither_imagines_nor_executes_requested
score RubiksCubeLeftOfBowlMatchedTask episode=4 chunk=11 quadrant=neither_imagines_nor_executes_requested
score RubiksCubeLeftOfBowlMatchedTask episode=4 chunk=12 quadrant=uncertain_future
score RubiksCubeLeftOfBowlMatchedTask episode=4 chunk=13 quadrant=neither_imagines_nor_executes_requested
score RubiksCubeLeftOfBowlMatchedTask episode=4 chunk=14 quadrant=uncertain_future
score RubiksCubeLeftOfBowlMatchedTask episode=5 chunk=0 quadrant=neither_imagines_nor_executes_requested
score RubiksCubeLeftOfBowlMatchedTask episode=5 chunk=1 quadrant=neither_imagines_nor_executes_requested
score RubiksCubeLeftOfBowlMatchedTask episode=5 chunk=2 quadrant=uncertain_future
score RubiksCubeLeftOfBowlMatchedTask episode=5 chunk=3 quadrant=uncertain_future
score RubiksCubeLeftOfBowlMatchedTask episode=5 chunk=4 quadrant=uncertain_future
score RubiksCubeLeftOfBowlMatchedTask episode=6 chunk=0 quadrant=neither_imagines_nor_executes_requested
score RubiksCubeLeftOfBowlMatchedTask episode=6 chunk=1 quadrant=neither_imagines_nor_executes_requested
score RubiksCubeLeftOfBowlMatchedTask episode=6 chunk=2 quadrant=neither_imagines_nor_executes_requested
score RubiksCubeLeftOfBowlMatchedTask episode=6 chunk=3 quadrant=uncertain_future
score RubiksCubeLeftOfBowlMatchedTask episode=6 chunk=4 quadrant=uncertain_future
score RubiksCubeLeftOfBowlMatchedTask episode=6 chunk=5 quadrant=uncertain_future
score RubiksCubeLeftOfBowlMatchedTask episode=6 chunk=6 quadrant=neither_imagines_nor_executes_requested
score RubiksCubeLeftOfBowlMatchedTask episode=6 chunk=7 quadrant=neither_imagines_nor_executes_requested
score RubiksCubeLeftOfBowlMatchedTask episode=6 chunk=8 quadrant=neither_imagines_nor_executes_requested
score RubiksCubeLeftOfBowlMatchedTask episode=6 chunk=9 quadrant=neither_imagines_nor_executes_requested
score RubiksCubeLeftOfBowlMatchedTask episode=6 chunk=10 quadrant=neither_imagines_nor_executes_requested
score RubiksCubeLeftOfBowlMatchedTask episode=6 chunk=11 quadrant=neither_imagines_nor_executes_requested
score RubiksCubeLeftOfBowlMatchedTask episode=6 chunk=12 quadrant=neither_imagines_nor_executes_requested
score RubiksCubeLeftOfBowlMatchedTask episode=6 chunk=13 quadrant=neither_imagines_nor_executes_requested
score RubiksCubeLeftOfBowlMatchedTask episode=6 chunk=14 quadrant=uncertain_future
score RubiksCubeLeftOfBowlMatchedTask episode=7 chunk=0 quadrant=neither_imagines_nor_executes_requested
score RubiksCubeLeftOfBowlMatchedTask episode=7 chunk=1 quadrant=neither_imagines_nor_executes_requested
score RubiksCubeLeftOfBowlMatchedTask episode=7 chunk=2 quadrant=neither_imagines_nor_executes_requested
score RubiksCubeLeftOfBowlMatchedTask episode=7 chunk=3 quadrant=neither_imagines_nor_executes_requested
score RubiksCubeLeftOfBowlMatchedTask episode=7 chunk=4 quadrant=uncertain_future
score RubiksCubeLeftOfBowlMatchedTask episode=7 chunk=5 quadrant=uncertain_future
score RubiksCubeLeftOfBowlMatchedTask episode=7 chunk=6 quadrant=uncertain_future
score RubiksCubeLeftOfBowlMatchedTask episode=7 chunk=7 quadrant=uncertain_future
score RubiksCubeLeftOfBowlMatchedTask episode=7 chunk=8 quadrant=neither_imagines_nor_executes_requested
score RubiksCubeLeftOfBowlMatchedTask episode=7 chunk=9 quadrant=neither_imagines_nor_executes_requested
score RubiksCubeLeftOfBowlMatchedTask episode=7 chunk=10 quadrant=uncertain_future
score RubiksCubeLeftOfBowlMatchedTask episode=7 chunk=11 quadrant=uncertain_future
score RubiksCubeLeftOfBowlMatchedTask episode=7 chunk=12 quadrant=uncertain_future
score RubiksCubeLeftOfBowlMatchedTask episode=7 chunk=13 quadrant=uncertain_future
score RubiksCubeLeftOfBowlMatchedTask episode=7 chunk=14 quadrant=uncertain_future
score RubiksCubeLeftOfBowlMatchedTask episode=8 chunk=0 quadrant=neither_imagines_nor_executes_requested
score RubiksCubeLeftOfBowlMatchedTask episode=8 chunk=1 quadrant=neither_imagines_nor_executes_requested
score RubiksCubeLeftOfBowlMatchedTask episode=8 chunk=2 quadrant=neither_imagines_nor_executes_requested
score RubiksCubeLeftOfBowlMatchedTask episode=8 chunk=3 quadrant=neither_imagines_nor_executes_requested
score RubiksCubeLeftOfBowlMatchedTask episode=8 chunk=4 quadrant=uncertain_future
score RubiksCubeLeftOfBowlMatchedTask episode=8 chunk=5 quadrant=uncertain_future
score RubiksCubeLeftOfBowlMatchedTask episode=8 chunk=6 quadrant=uncertain_future
score RubiksCubeLeftOfBowlMatchedTask episode=8 chunk=7 quadrant=uncertain_future
score RubiksCubeLeftOfBowlMatchedTask episode=8 chunk=8 quadrant=neither_imagines_nor_executes_requested
score RubiksCubeLeftOfBowlMatchedTask episode=8 chunk=9 quadrant=neither_imagines_nor_executes_requested
score RubiksCubeLeftOfBowlMatchedTask episode=8 chunk=10 quadrant=uncertain_future
score RubiksCubeLeftOfBowlMatchedTask episode=8 chunk=11 quadrant=uncertain_future
score RubiksCubeLeftOfBowlMatchedTask episode=8 chunk=12 quadrant=uncertain_future
score RubiksCubeLeftOfBowlMatchedTask episode=8 chunk=13 quadrant=uncertain_future
score RubiksCubeLeftOfBowlMatchedTask episode=8 chunk=14 quadrant=neither_imagines_nor_executes_requested
score RubiksCubeLeftOfBowlMatchedTask episode=9 chunk=0 quadrant=neither_imagines_nor_executes_requested
score RubiksCubeLeftOfBowlMatchedTask episode=9 chunk=1 quadrant=neither_imagines_nor_executes_requested
score RubiksCubeLeftOfBowlMatchedTask episode=9 chunk=2 quadrant=uncertain_future
score RubiksCubeLeftOfBowlMatchedTask episode=9 chunk=3 quadrant=uncertain_future
score RubiksCubeLeftOfBowlMatchedTask episode=9 chunk=4 quadrant=uncertain_future
score RubiksCubeLeftOfBowlMatchedTask episode=9 chunk=5 quadrant=neither_imagines_nor_executes_requested
score RubiksCubeLeftOfBowlMatchedTask episode=9 chunk=6 quadrant=uncertain_future
score RubiksCubeLeftOfBowlMatchedTask episode=9 chunk=7 quadrant=neither_imagines_nor_executes_requested
score RubiksCubeLeftOfBowlMatchedTask episode=9 chunk=8 quadrant=neither_imagines_nor_executes_requested
score RubiksCubeLeftOfBowlMatchedTask episode=9 chunk=9 quadrant=neither_imagines_nor_executes_requested
score RubiksCubeLeftOfBowlMatchedTask episode=9 chunk=10 quadrant=uncertain_future
score RubiksCubeLeftOfBowlMatchedTask episode=9 chunk=11 quadrant=uncertain_future
score RubiksCubeLeftOfBowlMatchedTask episode=9 chunk=12 quadrant=uncertain_future
score RubiksCubeLeftOfBowlMatchedTask episode=9 chunk=13 quadrant=uncertain_future
score RubiksCubeLeftOfBowlMatchedTask episode=9 chunk=14 quadrant=uncertain_future
score RubiksCubeRightOfBowlMatchedTask episode=0 chunk=0 quadrant=neither_imagines_nor_executes_requested
score RubiksCubeRightOfBowlMatchedTask episode=0 chunk=1 quadrant=neither_imagines_nor_executes_requested
score RubiksCubeRightOfBowlMatchedTask episode=0 chunk=2 quadrant=uncertain_future
score RubiksCubeRightOfBowlMatchedTask episode=0 chunk=3 quadrant=uncertain_future
score RubiksCubeRightOfBowlMatchedTask episode=0 chunk=4 quadrant=imagines_requested_executes_requested
score RubiksCubeRightOfBowlMatchedTask episode=1 chunk=0 quadrant=neither_imagines_nor_executes_requested
score RubiksCubeRightOfBowlMatchedTask episode=1 chunk=1 quadrant=neither_imagines_nor_executes_requested
score RubiksCubeRightOfBowlMatchedTask episode=1 chunk=2 quadrant=neither_imagines_nor_executes_requested
score RubiksCubeRightOfBowlMatchedTask episode=1 chunk=3 quadrant=uncertain_future
score RubiksCubeRightOfBowlMatchedTask episode=1 chunk=4 quadrant=does_not_imagine_requested_executes_requested
score RubiksCubeRightOfBowlMatchedTask episode=1 chunk=5 quadrant=uncertain_future
score RubiksCubeRightOfBowlMatchedTask episode=2 chunk=0 quadrant=neither_imagines_nor_executes_requested
score RubiksCubeRightOfBowlMatchedTask episode=2 chunk=1 quadrant=neither_imagines_nor_executes_requested
score RubiksCubeRightOfBowlMatchedTask episode=2 chunk=2 quadrant=neither_imagines_nor_executes_requested
score RubiksCubeRightOfBowlMatchedTask episode=2 chunk=3 quadrant=uncertain_future
score RubiksCubeRightOfBowlMatchedTask episode=2 chunk=4 quadrant=uncertain_future
score RubiksCubeRightOfBowlMatchedTask episode=3 chunk=0 quadrant=neither_imagines_nor_executes_requested
score RubiksCubeRightOfBowlMatchedTask episode=3 chunk=1 quadrant=neither_imagines_nor_executes_requested
score RubiksCubeRightOfBowlMatchedTask episode=3 chunk=2 quadrant=uncertain_future
score RubiksCubeRightOfBowlMatchedTask episode=3 chunk=3 quadrant=uncertain_future
score RubiksCubeRightOfBowlMatchedTask episode=3 chunk=4 quadrant=uncertain_future
score RubiksCubeRightOfBowlMatchedTask episode=3 chunk=5 quadrant=uncertain_future
score RubiksCubeRightOfBowlMatchedTask episode=3 chunk=6 quadrant=uncertain_future
score RubiksCubeRightOfBowlMatchedTask episode=3 chunk=7 quadrant=imagines_requested_executes_requested
score RubiksCubeRightOfBowlMatchedTask episode=4 chunk=0 quadrant=neither_imagines_nor_executes_requested
score RubiksCubeRightOfBowlMatchedTask episode=4 chunk=1 quadrant=neither_imagines_nor_executes_requested
score RubiksCubeRightOfBowlMatchedTask episode=4 chunk=2 quadrant=uncertain_future
score RubiksCubeRightOfBowlMatchedTask episode=4 chunk=3 quadrant=uncertain_future
score RubiksCubeRightOfBowlMatchedTask episode=4 chunk=4 quadrant=uncertain_future
score RubiksCubeRightOfBowlMatchedTask episode=4 chunk=5 quadrant=uncertain_future
score RubiksCubeRightOfBowlMatchedTask episode=4 chunk=6 quadrant=imagines_requested_executes_requested
score RubiksCubeRightOfBowlMatchedTask episode=4 chunk=7 quadrant=imagines_requested_executes_not_requested
score RubiksCubeRightOfBowlMatchedTask episode=4 chunk=8 quadrant=uncertain_future
score RubiksCubeRightOfBowlMatchedTask episode=4 chunk=9 quadrant=uncertain_future
score RubiksCubeRightOfBowlMatchedTask episode=4 chunk=10 quadrant=uncertain_future
score RubiksCubeRightOfBowlMatchedTask episode=5 chunk=0 quadrant=neither_imagines_nor_executes_requested
score RubiksCubeRightOfBowlMatchedTask episode=5 chunk=1 quadrant=neither_imagines_nor_executes_requested
score RubiksCubeRightOfBowlMatchedTask episode=5 chunk=2 quadrant=uncertain_future
score RubiksCubeRightOfBowlMatchedTask episode=5 chunk=3 quadrant=uncertain_future
score RubiksCubeRightOfBowlMatchedTask episode=5 chunk=4 quadrant=imagines_requested_executes_requested
score RubiksCubeRightOfBowlMatchedTask episode=6 chunk=0 quadrant=neither_imagines_nor_executes_requested
score RubiksCubeRightOfBowlMatchedTask episode=6 chunk=1 quadrant=uncertain_future
score RubiksCubeRightOfBowlMatchedTask episode=6 chunk=2 quadrant=uncertain_future
score RubiksCubeRightOfBowlMatchedTask episode=6 chunk=3 quadrant=uncertain_future
score RubiksCubeRightOfBowlMatchedTask episode=6 chunk=4 quadrant=uncertain_future
score RubiksCubeRightOfBowlMatchedTask episode=7 chunk=0 quadrant=neither_imagines_nor_executes_requested
score RubiksCubeRightOfBowlMatchedTask episode=7 chunk=1 quadrant=neither_imagines_nor_executes_requested
score RubiksCubeRightOfBowlMatchedTask episode=7 chunk=2 quadrant=uncertain_future
score RubiksCubeRightOfBowlMatchedTask episode=7 chunk=3 quadrant=imagines_requested_executes_not_requested
score RubiksCubeRightOfBowlMatchedTask episode=8 chunk=0 quadrant=neither_imagines_nor_executes_requested
score RubiksCubeRightOfBowlMatchedTask episode=8 chunk=1 quadrant=neither_imagines_nor_executes_requested
score RubiksCubeRightOfBowlMatchedTask episode=8 chunk=2 quadrant=uncertain_future
score RubiksCubeRightOfBowlMatchedTask episode=8 chunk=3 quadrant=uncertain_future
score RubiksCubeRightOfBowlMatchedTask episode=8 chunk=4 quadrant=uncertain_future
score RubiksCubeRightOfBowlMatchedTask episode=8 chunk=5 quadrant=imagines_requested_executes_requested
score RubiksCubeRightOfBowlMatchedTask episode=9 chunk=0 quadrant=neither_imagines_nor_executes_requested
score RubiksCubeRightOfBowlMatchedTask episode=9 chunk=1 quadrant=neither_imagines_nor_executes_requested
score RubiksCubeRightOfBowlMatchedTask episode=9 chunk=2 quadrant=neither_imagines_nor_executes_requested
score RubiksCubeRightOfBowlMatchedTask episode=9 chunk=3 quadrant=neither_imagines_nor_executes_requested
score RubiksCubeRightOfBowlMatchedTask episode=9 chunk=4 quadrant=uncertain_future
score RubiksCubeRightOfBowlMatchedTask episode=9 chunk=5 quadrant=uncertain_future
score RubiksCubeRightOfBowlMatchedTask episode=9 chunk=6 quadrant=uncertain_future
score RubiksCubeRightOfBowlMatchedTask episode=9 chunk=7 quadrant=uncertain_future
score RubiksCubeRightOfBowlMatchedTask episode=9 chunk=8 quadrant=uncertain_future
