Verified idle allocated GPU: GPU-8773b1c9-df29-a37a-e165-8f68986cdb88
0, NVIDIA A40, GPU-8773b1c9-df29-a37a-e165-8f68986cdb88, 580.95.05, 46068 MiB, 0 MiB, 0 %
[Warning] [simulation_app.simulation_app] Modules: ['omni.kit_app'] were loaded before SimulationApp was started and might not be loaded correctly.
[Warning] [simulation_app.simulation_app] Please check to make sure no extra omniverse or pxr modules are imported before the call to SimulationApp(...)
Loading user config located at: '/data/users/ali/vla_wam/envs/robolab-v2-isaac50/lib/python3.11/site-packages/omni/data/Kit/Isaac-Sim/5.0/user.config.json'
[Info] [carb] Logging to file: /data/users/ali/vla_wam/envs/robolab-v2-isaac50/lib/python3.11/site-packages/omni/logs/Kit/Isaac-Sim/5.0/kit_20260922_224628.log
2026-09-22T22:46:28Z [7ms] [Warning] [carb.crashreporter-breakpad.plugin] [previous crash] preventing upload of minidump due to user opt-out: '/data/users/ali/vla_wam/envs/robolab-v2-isaac50/lib/python3.11/site-packages/omni/data/Kit/Isaac-Sim/5.0/8d0e22af-8b33-44ca-3d28af83-9c9f838f.dmp'
2026-09-22T22:46:28Z [10ms] [Warning] [carb.crashreporter-breakpad.plugin] [previous crash] preventing upload of minidump due to user opt-out: '/data/users/ali/vla_wam/envs/robolab-v2-isaac50/lib/python3.11/site-packages/omni/data/Kit/Isaac-Sim/5.0/eea7e642-5b9e-42cb-97b11688-5fb66c7f.dmp'
2026-09-22T22:46:28Z [12ms] [Warning] [carb.crashreporter-breakpad.plugin] [previous crash] preventing upload of minidump due to user opt-out: '/data/users/ali/vla_wam/envs/robolab-v2-isaac50/lib/python3.11/site-packages/omni/data/Kit/Isaac-Sim/5.0/cb37e459-46fa-4131-0b232691-1b0fadbb.dmp'
2026-09-22T22:46:35Z [6,211ms] [Warning] [carb.windowing-glfw.plugin] GLFW initialization failed.
2026-09-22T22:46:35Z [6,212ms] [Warning] [carb] Failed to startup plugin carb.windowing-glfw.plugin (interfaces: [carb::windowing::IGLContext v1.0],[carb::windowing::IWindowing v1.5]) (impl: carb.windowing-glfw.plugin)
2026-09-22T22:46:35Z [6,355ms] [Warning] [omni.platforminfo.plugin] failed to open the default display.  Can't verify X Server version.
2026-09-22T22:46:35Z [6,369ms] [Warning] [carb.cudainterop.plugin] CUDA_VISIBLE_DEVICES environment variable is set.
2026-09-22T22:46:35Z [6,369ms] [Warning] [carb.cudainterop.plugin] Note CUDA device enumeration and Omniverse device enumeration are different.
2026-09-22T22:46:35Z [6,369ms] [Warning] [carb.cudainterop.plugin] Setting CUDA_VISIBLE_DEVICES can lead to undesired behavior or crashes.
2026-09-22T22:46:35Z [6,447ms] [Warning] [gpu.foundation.plugin] [ShaderCache]: 95 percent of the driver's shadercache size limit has been reached. Max size: 4000.00 MB, Currently used: 3829.22 MB. To avoid a persistent long startup or USD load time on every app launch, recommended to free space by deleting driver caches using one of the following methods:
- By running the app with --/renderer/shadercache/driverDiskCache/flush=true (only once).
- Or by manually deleting the following folders: '%LOCALAPPDATA%/NVIDIA/DXCache/Omniverse' (Windows-DX) or '$omni_cache/shaders/nv_shadercache' (Windows-Vulkan, Linux-Vulkan).
Driver caches will be re-generated which may take a few minutes on the next launch.

|---------------------------------------------------------------------------------------------|
| Driver Version: 580.95.05     | Graphics API: Vulkan
|=============================================================================================|
| GPU | Name                             | Active | LDA | GPU Memory | Vendor-ID | LUID       |
|     |                                  |        |     |            | Device-ID | UUID       |
|     |                                  |        |     |            | Bus-ID    |            |
|---------------------------------------------------------------------------------------------|
| 0   | NVIDIA A40                       | Yes: 0 |     | 46068   MB | 10de      | 0          |
|     |                                  |        |     |            | 2235      | 8773b1c9.. |
|     |                                  |        |     |            | 25        |            |
|=============================================================================================|
| OS: 22.04.5 LTS (Jammy Jellcat: '/sys/devices/system/cpu/cpu*/cpufreq/scaling_governor': No such file or directory
Warp CUDA error: Failed to get driver entry point 'cuDeviceGetUuid' (CUDA error 1)
Warp CUDA error: Function cuDeviceGetUuid_f: a suitable driver entry point was not found
Warp CUDA error 36: API call is not supported in the installed CUDA driver (in function cuda_init, /builds/omniverse/warp/warp/native/warp.cu:277)
yfish) ubuntu, Version: 22.04.5, Kernel: 5.15.0-191-generic
| Processor: AMD EPYC 7543 32-Core Processor
| Bare Metal Cores: 64 | Bare Metal Logical Cores: 128
| Core Usage Quota: 32
|---------------------------------------------------------------------------------------------|
| Total Memory (MB): 131072 | Free Memory: 130563
| Total Page/Swap (MB): 0 | Free Page/Swap: 0
|---------------------------------------------------------------------------------------------|
2026-09-22T22:46:36Z [7,550ms] [Warning] [gpu.foundation.plugin] ECC is enabled on physical device 0
2026-09-22T22:46:36Z [7,552ms] [Warning] [gpu.foundation.plugin] IOMMU is enabled.
2026-09-22T22:46:39Z [10,892ms] [Warning] [carb.windowing-glfw.plugin] GLFW initialization failed.
2026-09-22T22:46:39Z [10,892ms] [Warning] [carb] Failed to startup plugin carb.windowing-glfw.plugin (interfaces: [carb::windowing::IGLContext v1.0],[carb::windowing::IWindowing v1.5]) (impl: carb.windowing-glfw.plugin)
2026-09-22T22:46:39Z [10,958ms] [Warning] [carb.windowing-glfw.plugin] GLFW initialization failed.
2026-09-22T22:46:39Z [10,958ms] [Warning] [carb] Failed to startup plugin carb.windowing-glfw.plugin (interfaces: [carb::windowing::IGLContext v1.0],[carb::windowing::IWindowing v1.5]) (impl: carb.windowing-glfw.plugin)
2026-09-22T22:46:39Z [10,971ms] [Warning] [carb.windowing-glfw.plugin] GLFW initialization failed.
2026-09-22T22:46:39Z [10,971ms] [Warning] [carb] Failed to startup plugin carb.windowing-glfw.plugin (interfaces: [carb::windowing::IGLContext v1.0],[carb::windowing::IWindowing v1.5]) (impl: carb.windowing-glfw.plugin)
2026-09-22T22:46:40Z [11,086ms] [Warning] [carb.windowing-glfw.plugin] GLFW initialization failed.
2026-09-22T22:46:40Z [11,086ms] [Warning] [carb] Failed to startup plugin carb.windowing-glfw.plugin (interfaces: [carb::windowing::IGLContext v1.0],[carb::windowing::IWindowing v1.5]) (impl: carb.windowing-glfw.plugin)
2026-09-22T22:46:40Z [11,088ms] [Warning] [carb.windowing-glfw.plugin] GLFW initialization failed.
2026-09-22T22:46:40Z [11,088ms] [Warning] [carb] Failed to startup plugin carb.windowing-glfw.plugin (interfaces: [carb::windowing::IGLContext v1.0],[carb::windowing::IWindowing v1.5]) (impl: carb.windowing-glfw.plugin)
2026-09-22T22:46:40Z [11,090ms] [Warning] [carb.windowing-glfw.plugin] GLFW initialization failed.
2026-09-22T22:46:40Z [11,090ms] [Warning] [carb] Failed to startup plugin carb.windowing-glfw.plugin (interfaces: [carb::windowing::IGLContext v1.0],[carb::windowing::IWindowing v1.5]) (impl: carb.windowing-glfw.plugin)
2026-09-22T22:46:40Z [11,828ms] [Warning] [omni.log] Source: omni.hydra was already registered.
2026-09-22T22:46:43Z [14,174ms] [Warning] [omni.isaac.dynamic_control] omni.isaac.dynamic_control is deprecated as of Isaac Sim 4.5. No action is needed from end-users.
2026-09-22T22:46:50Z [21,270ms] [Warning] [pxr.Semantics] pxr.Semantics is deprecated - please use Semantics instead
2026-09-22T22:46:51Z [22,263ms] [Warning] [omni.replicator.core.scripts.extension] No material configuration file, adding configuration to material settings directly.
2026-09-22T22:47:01Z [32,679ms] [Warning] [usdrt.population.plugin] using high frequency span is disabled
2026-09-22T22:47:01Z [32,825ms] [Warning] [rtx.neuraylib.plugin] [LINK:PLUGIN]   0.0   LINK   plug warn : Loading /data/users/ali/vla_wam/envs/robolab-v2-isaac50/lib/python3.11/site-packages/isaacsim/extscache/omni.iray.libs-0.0.0+8131b85d.lx64.r/bin/iray/nvcuvid_video_decoder.so: libnvcuvid.so.1: cannot open shared object file: No such file or directory
2026-09-22T22:47:01Z [32,826ms] [Warning] [rtx.neuraylib.plugin] [LINK:PLUGIN]   0.0   LINK   plug warn : Loading .\nt-x86-64\lib\nvcuvid_video_decoder.so: .\nt-x86-64\lib\nvcuvid_video_decoder.so: cannot open shared object file: No such file or directory
2026-09-22T22:47:01Z [32,826ms] [Warning] [rtx.neuraylib.plugin] Failed to load nvcuvid h264 decoder plugin. Iray Bridge h264 support will not be available.
2026-09-22T22:47:02Z [33,315ms] [Warning] [carb.graphics-vulkan.plugin] Trying to initialize NGX without vkGetInstanceProcAddr and vkGetDeviceProcAddr pointer-to-functions.
2026-09-22T22:47:02Z [33,316ms] [Error] [carb.graphics-vulkan.plugin] Could not get NGX parameters block because NGX isn't enabled.
2026-09-22T22:47:02Z [33,316ms] [Error] [carb.graphics-vulkan.plugin] Failed to create NGX context.
2026-09-22T22:47:02Z [33,316ms] [Warning] [carb.scenerenderer-rtx.plugin] Failed to create NGX context.
2026-09-22T22:47:05Z [36,560ms] [Warning] [usdrt.hydra.fabric_scene_delegate.plugin] using high frequency span is disabled
2026-09-22T22:47:05Z [36,560ms] [Warning] [usdrt.hydra.fabric_scene_delegate.plugin] using high frequency span is disabled
2026-09-22T22:47:05Z [36,562ms] [Warning] [usdrt.hydra.fabric_scene_delegate.plugin] using high frequency span with attrs is disabled
2026-09-22T22:47:05Z [36,586ms] [Warning] [omni.fabric.plugin] Warning: attribute viewportHandle not found for bucket id 7

2026-09-22T22:47:05Z [36,604ms] [Warning] [usdrt.hydra.fabric_scene_delegate.plugin] using high frequency span is disabled
2026-09-22T22:47:05Z [36,604ms] [Warning] [usdrt.hydra.fabric_scene_delegate.plugin] using high frequency span is disabled
2026-09-22T22:47:07Z [38,188ms] [Warning] [isaacsim.core.simulation_manager.impl.simulation_manager] CCD is not supported on GPU, ignoring request to enable it
2026-09-22T22:47:11Z [42,637ms] [Warning] [isaaclab.actuators.actuator_pd] The <ImplicitActuatorCfg> object has a value for 'effort_limit'. This parameter will be removed in the future. To set the effort limit, please use 'effort_limit_sim' instead.
2026-09-22T22:47:11Z [42,637ms] [Warning] [isaaclab.actuators.actuator_pd] The <ImplicitActuatorCfg> object has a value for 'velocity_limit'. Previously, although this value was specified, it was not getting used by implicit actuators. Since this parameter affects the simulation behavior, we continue to not use it. This parameter will be removed in the future. To set the velocity limit, please use 'velocity_limit_sim' instead.
2026-09-22T22:47:11Z [42,746ms] [Warning] [isaaclab.actuators.actuator_pd] The <ImplicitActuatorCfg> object has a value for 'effort_limit'. This parameter will be removed in the future. To set the effort limit, please use 'effort_limit_sim' instead.
2026-09-22T22:47:11Z [42,746ms] [Warning] [isaaclab.actuators.actuator_pd] The <ImplicitActuatorCfg> object has a value for 'velocity_limit'. Previously, although this value was specified, it was not getting used by implicit actuators. Since this parameter affects the simulation behavior, we continue to not use it. This parameter will be removed in the future. To set the velocity limit, please use 'velocity_limit_sim' instead.
2026-09-22T22:47:11Z [42,752ms] [Warning] [isaaclab.actuators.actuator_pd] The <ImplicitActuatorCfg> object has a value for 'velocity_limit'. Previously, although this value was specified, it was not getting used by implicit actuators. Since this parameter affects the simulation behavior, we continue to not use it. This parameter will be removed in the future. To set the velocity limit, please use 'velocity_limit_sim' instead.
2026-09-22T22:47:11Z [42,757ms] [Warning] [isaaclab.assets.articulation.articulation] Not all actuators are configured! Total number of actuated joints not equal to number of joints available: 8 != 13.
2026-09-22T22:47:11Z [42,927ms] [Warning] [usdrt.hydra.fabric_scene_delegate.plugin] using high frequency span with attrs is disabled
2026-09-22T22:47:11Z [42,956ms] [Warning] [usdrt.hydra.fabric_scene_delegate.plugin] using high frequency span with attrs is disabled
2026-09-22T22:47:16Z [47,431ms] [Warning] [omni.hydra] Parameter 'metallic' of shade node 'usd::rtx_scope0::/__Fabric_StageInfo/MaterialPool/mat_17041a19/OmniPBR::::OmniPBR::OmniPBR((82))' not available in the MDL representation.
2026-09-22T22:47:16Z [47,431ms] [Warning] [omni.hydra] Parameter 'roughness' of shade node 'usd::rtx_scope0::/__Fabric_StageInfo/MaterialPool/mat_17041a19/OmniPBR::::OmniPBR::OmniPBR((82))' not available in the MDL representation.
2026-09-22T22:47:16Z [47,932ms] [Warning] [omni.hydra] Parameter 'metallic' of shade node 'usd::rtx_scope0::/__Fabric_StageInfo/MaterialPool/mat_7bae7558/OmniPBR::::OmniPBR::OmniPBR((108))' not available in the MDL representation.
2026-09-22T22:47:16Z [47,932ms] [Warning] [omni.hydra] Parameter 'roughness' of shade node 'usd::rtx_scope0::/__Fabric_StageInfo/MaterialPool/mat_7bae7558/OmniPBR::::OmniPBR::OmniPBR((108))' not available in the MDL representation.
2026-09-22T22:47:17Z [48,982ms] [Warning] [omni.hydra] Parameter 'metallic' of shade node 'usd::rtx_scope0::/__Fabric_StageInfo/MaterialPool/mat_de89ae90/OmniPBR::::OmniPBR::OmniPBR((140))' not available in the MDL representation.
2026-09-22T22:47:17Z [48,982ms] [Warning] [omni.hydra] Parameter 'roughness' of shade node 'usd::rtx_scope0::/__Fabric_StageInfo/MaterialPool/mat_de89ae90/OmniPBR::::OmniPBR::OmniPBR((140))' not available in the MDL representation.
2026-09-22T22:47:23Z [54,763ms] [Warning] [omni.hydra] Parameter 'metallic' of shade node 'usd::rtx_scope0::/__Fabric_StageInfo/MaterialPool/mat_17041a19/OmniPBR::::OmniPBR::OmniPBR((82))' not available in the MDL representation.
2026-09-22T22:47:23Z [54,763ms] [Warning] [omni.hydra] Parameter 'roughness' of shade node 'usd::rtx_scope0::/__Fabric_StageInfo/MaterialPool/mat_17041a19/OmniPBR::::OmniPBR::OmniPBR((82))' not available in the MDL representation.
2026-09-22T22:47:23Z [54,765ms] [Warning] [omni.hydra] Parameter 'metallic' of shade node 'usd::rtx_scope0::/__Fabric_StageInfo/MaterialPool/mat_7bae7558/OmniPBR::::OmniPBR::OmniPBR((108))' not available in the MDL representation.
2026-09-22T22:47:23Z [54,765ms] [Warning] [omni.hydra] Parameter 'roughness' of shade node 'usd::rtx_scope0::/__Fabric_StageInfo/MaterialPool/mat_7bae7558/OmniPBR::::OmniPBR::OmniPBR((108))' not available in the MDL representation.
2026-09-22T22:47:23Z [54,768ms] [Warning] [omni.hydra] Parameter 'metallic' of shade node 'usd::rtx_scope0::/__Fabric_StageInfo/MaterialPool/mat_de89ae90/OmniPBR::::OmniPBR::OmniPBR((140))' not available in the MDL representation.
2026-09-22T22:47:23Z [54,768ms] [Warning] [omni.hydra] Parameter 'roughness' of shade node 'usd::rtx_scope0::/__Fabric_StageInfo/MaterialPool/mat_de89ae90/OmniPBR::::OmniPBR::OmniPBR((140))' not available in the MDL representation.
