Verified idle allocated GPU: GPU-8773b1c9-df29-a37a-e165-8f68986cdb88
0, NVIDIA A40, GPU-8773b1c9-df29-a37a-e165-8f68986cdb88, 580.95.05, 46068 MiB, 0 MiB, 0 %
[Warning] [simulation_app.simulation_app] Modules: ['omni.kit_app'] were loaded before SimulationApp was started and might not be loaded correctly.
[Warning] [simulation_app.simulation_app] Please check to make sure no extra omniverse or pxr modules are imported before the call to SimulationApp(...)
Loading user config located at: '/data/users/ali/vla_wam/envs/robolab-v2-isaac50/lib/python3.11/site-packages/omni/data/Kit/Isaac-Sim/5.0/user.config.json'
[Info] [carb] Logging to file: /data/users/ali/vla_wam/envs/robolab-v2-isaac50/lib/python3.11/site-packages/omni/logs/Kit/Isaac-Sim/5.0/kit_20260922_195359.log
2026-09-22T19:53:59Z [7ms] [Warning] [carb.crashreporter-breakpad.plugin] [previous crash] preventing upload of minidump due to user opt-out: '/data/users/ali/vla_wam/envs/robolab-v2-isaac50/lib/python3.11/site-packages/omni/data/Kit/Isaac-Sim/5.0/8d0e22af-8b33-44ca-3d28af83-9c9f838f.dmp'
2026-09-22T19:53:59Z [9ms] [Warning] [carb.crashreporter-breakpad.plugin] [previous crash] preventing upload of minidump due to user opt-out: '/data/users/ali/vla_wam/envs/robolab-v2-isaac50/lib/python3.11/site-packages/omni/data/Kit/Isaac-Sim/5.0/eea7e642-5b9e-42cb-97b11688-5fb66c7f.dmp'
2026-09-22T19:53:59Z [11ms] [Warning] [carb.crashreporter-breakpad.plugin] [previous crash] preventing upload of minidump due to user opt-out: '/data/users/ali/vla_wam/envs/robolab-v2-isaac50/lib/python3.11/site-packages/omni/data/Kit/Isaac-Sim/5.0/cb37e459-46fa-4131-0b232691-1b0fadbb.dmp'
2026-09-22T19:54:05Z [6,460ms] [Warning] [carb.windowing-glfw.plugin] GLFW initialization failed.
2026-09-22T19:54:05Z [6,460ms] [Warning] [carb] Failed to startup plugin carb.windowing-glfw.plugin (interfaces: [carb::windowing::IGLContext v1.0],[carb::windowing::IWindowing v1.5]) (impl: carb.windowing-glfw.plugin)
2026-09-22T19:54:06Z [6,597ms] [Warning] [omni.platforminfo.plugin] failed to open the default display.  Can't verify X Server version.
2026-09-22T19:54:06Z [6,607ms] [Warning] [carb.cudainterop.plugin] CUDA_VISIBLE_DEVICES environment variable is set.
2026-09-22T19:54:06Z [6,607ms] [Warning] [carb.cudainterop.plugin] Note CUDA device enumeration and Omniverse device enumeration are different.
2026-09-22T19:54:06Z [6,607ms] [Warning] [carb.cudainterop.plugin] Setting CUDA_VISIBLE_DEVICES can lead to undesired behavior or crashes.
2026-09-22T19:54:06Z [6,664ms] [Warning] [gpu.foundation.plugin] [ShaderCache]: 95 percent of the driver's shadercache size limit has been reached. Max size: 4000.00 MB, Currently used: 3834.31 MB. To avoid a persistent long startup or USD load time on every app launch, recommended to free space by deleting driver caches using one of the following methods:
- By running the app with --/renderer/shadercache/driverDiskCache/flush=true (only once).
- Or by manually deleting the following folders: '%LOCALAPPDATA%/NVIDIA/DXCache/Omniverse' (Windows-DX) or '$omni_cache/shaders/nv_shadercache' (Windows-Vulkan, Linux-Vulkan).
Driver caches will be re-generated which may take a few minutes on the next launch.
2026-09-22T19:54:06Z [6,841ms] [Error] [carb.graphics-vulkan.plugin] VkResult: ERROR_INCOMPATIBLE_DRIVER
2026-09-22T19:54:06Z [6,841ms] [Error] [carb.graphics-vulkan.plugin] vkCreateInstance failed. Vulkan 1.1 is not supported, or your driver requires an update.
2026-09-22T19:54:06Z [6,841ms] [Error] [gpu.foundation.plugin] carb::graphics::createInstance failed.
2026-09-22T19:54:06Z [7,116ms] [Warning] [gpu.foundation.plugin] [ShaderCache]: 95 percent of the driver's shadercache size limit has been reached. Max size: 4000.00 MB, Currently used: 3834.31 MB. To avoid a persistent long startup or USD load time on every app launch, recommended to free space by deleting driver caches using one of the following methods:
- By running the app with --/renderer/shadercache/driverDiskCache/flush=true (only once).
- Or by manually deleting the following folders: '%LOCALAPPDATA%/NVIDIA/DXCache/Omniverse' (Windows-DX) or '$omni_cache/shaders/nv_shadercache' (Windows-Vulkan, Linux-Vulkan).
Driver caches will be re-generated which may take a few minutes on the next launch.
2026-09-22T19:54:06Z [7,135ms] [Error] [carb.graphics-vulkan.plugin] VkResult: ERROR_INCOMPATIBLE_DRIVER
2026-09-22T19:54:06Z [7,135ms] [Error] [carb.graphics-vulkan.plugin] vkCreateInstance failed. Vulkan 1.1 is not supported, or your driver requires an update.
2026-09-22T19:54:06Z [7,135ms] [Error] [gpu.foundation.plugin] carb::graphics::createInstance failed.
2026-09-22T19:54:07Z [7,607ms] [Error] [omni.gpu_foundation_factory.plugin] Failed to create any GPU devices, including an attempt with compatibility mode.
sh: 1: zenity: not found
2026-09-22T19:54:09Z [9,899ms] [Warning] [carb.windowing-glfw.plugin] GLFW initialization failed.
2026-09-22T19:54:09Z [9,899ms] [Warning] [carb] Failed to startup plugin carb.windowing-glfw.plugin (interfaces: [carb::windowing::IGLContext v1.0],[carb::windowing::IWindowing v1.5]) (impl: carb.windowing-glfw.plugin)
2026-09-22T19:54:09Z [9,926ms] [Error] [omni.kit.renderer.plugin] GPU Foundation is not initialized!
2026-09-22T19:54:09Z [9,935ms] [Warning] [carb.windowing-glfw.plugin] GLFW initialization failed.
2026-09-22T19:54:09Z [9,935ms] [Warning] [carb] Failed to startup plugin carb.windowing-glfw.plugin (interfaces: [carb::windowing::IGLContext v1.0],[carb::windowing::IWindowing v1.5]) (impl: carb.windowing-glfw.plugin)
2026-09-22T19:54:09Z [10,053ms] [Warning] [carb.windowing-glfw.plugin] GLFW initialization failed.
2026-09-22T19:54:09Z [10,053ms] [Warning] [carb] Failed to startup plugin carb.windowing-glfw.plugin (interfaces: [carb::windowing::IGLContext v1.0],[carb::windowing::IWindowing v1.5]) (impl: carb.windowing-glfw.plugin)
2026-09-22T19:54:09Z [10,054ms] [Error] [omni.kit.imgui_renderer.plugin] _prepareDefaultWindow: invalid device attached to the default window!
Warp CUDA error: Failed to get driver entry point 'cuDeviceGetUuid' (CUDA error 1)
Warp CUDA error: Function cuDeviceGetUuid_f: a suitable driver entry point was not found
Warp CUDA error 36: API call is not supported in the installed CUDA driver (in function cuda_init, /builds/omniverse/warp/warp/native/warp.cu:277)
2026-09-22T19:54:09Z [10,574ms] [Warning] [omni.log] Source: omni.hydra was already registered.
2026-09-22T19:54:12Z [12,752ms] [Warning] [omni.isaac.dynamic_control] omni.isaac.dynamic_control is deprecated as of Isaac Sim 4.5. No action is needed from end-users.
2026-09-22T19:54:19Z [19,748ms] [Warning] [pxr.Semantics] pxr.Semantics is deprecated - please use Semantics instead
2026-09-22T19:54:20Z [20,669ms] [Warning] [omni.replicator.core.scripts.extension] No material configuration file, adding configuration to material settings directly.
2026-09-22T19:54:29Z [29,652ms] [Error] [omni.physx.plugin] CUDA libs are present, but no suitable CUDA GPU was found!
