[Warning] [simulation_app.simulation_app] Modules: ['omni.kit_app'] were loaded before SimulationApp was started and might not be loaded correctly.
[Warning] [simulation_app.simulation_app] Please check to make sure no extra omniverse or pxr modules are imported before the call to SimulationApp(...)
Loading user config located at: '/data/users/ali/vla_wam/envs/robolab-v2-isaac50/lib/python3.11/site-packages/omni/data/Kit/Isaac-Sim/5.0/user.config.json'
[Info] [carb] Logging to file: /data/users/ali/vla_wam/envs/robolab-v2-isaac50/lib/python3.11/site-packages/omni/logs/Kit/Isaac-Sim/5.0/kit_20260923_073652.log
2026-09-23T07:36:52Z [4ms] [Warning] [carb.crashreporter-breakpad.plugin] [previous crash] preventing upload of minidump due to user opt-out: '/data/users/ali/vla_wam/envs/robolab-v2-isaac50/lib/python3.11/site-packages/omni/data/Kit/Isaac-Sim/5.0/8d0e22af-8b33-44ca-3d28af83-9c9f838f.dmp'
2026-09-23T07:36:52Z [5ms] [Warning] [carb.crashreporter-breakpad.plugin] [previous crash] preventing upload of minidump due to user opt-out: '/data/users/ali/vla_wam/envs/robolab-v2-isaac50/lib/python3.11/site-packages/omni/data/Kit/Isaac-Sim/5.0/eea7e642-5b9e-42cb-97b11688-5fb66c7f.dmp'
2026-09-23T07:36:52Z [6ms] [Warning] [carb.crashreporter-breakpad.plugin] [previous crash] preventing upload of minidump due to user opt-out: '/data/users/ali/vla_wam/envs/robolab-v2-isaac50/lib/python3.11/site-packages/omni/data/Kit/Isaac-Sim/5.0/cb37e459-46fa-4131-0b232691-1b0fadbb.dmp'
2026-09-23T07:36:54Z [2,032ms] [Warning] [carb.windowing-glfw.plugin] GLFW initialization failed.
2026-09-23T07:36:54Z [2,032ms] [Warning] [carb] Failed to startup plugin carb.windowing-glfw.plugin (interfaces: [carb::windowing::IGLContext v1.0],[carb::windowing::IWindowing v1.5]) (impl: carb.windowing-glfw.plugin)
2026-09-23T07:36:54Z [2,166ms] [Warning] [omni.platforminfo.plugin] failed to open the default display.  Can't verify X Server version.
2026-09-23T07:36:54Z [2,174ms] [Warning] [carb.cudainterop.plugin] CUDA_VISIBLE_DEVICES environment variable is set.
2026-09-23T07:36:54Z [2,175ms] [Warning] [carb.cudainterop.plugin] Note CUDA device enumeration and Omniverse device enumeration are different.
2026-09-23T07:36:54Z [2,175ms] [Warning] [carb.cudainterop.plugin] Setting CUDA_VISIBLE_DEVICES can lead to undesired behavior or crashes.

|---------------------------------------------------------------------------------------------|
| Driver Version: 580.95.05     | Graphics API: Vulkan
|=============================================================================================|
| GPU | Name                             | Active | LDA | GPU Memory | Vendor-ID | LUID       |
|     |                                  |        |     |            | Device-ID | UUID       |
|     |                                  |        |     |            | Bus-ID    |            |
|---------------------------------------------------------------------------------------------|
| 0   | NVIDIA A40                       | Yes: 0 |     | 46068   MB | 10de      | 0          |
|     |                                  |        |     |            | 2235      | db477339.. |
|     |                                  |        |     |            | 25        |            |
|=============================================================================================|
| OS: 22.04.5 LTS (Jammy Jellyfish) ubuntu, Version: 22.04.5, Kernel: 5.15.0-191-generic
| Processor: AMD EPYC 7543 32-Core Processor
| Bare Metal Cores: 64 | Bare Metal Logical Cores: 128
| Core Usage Quota: 32
|---------------------------------------------------------------------------------------------|
| Total Memory (MB): 131072 | Free Memory: 130648
| Total Page/Swap (MB): 0 | Free Page/Swap: 0
|---------------------------------------------------------------------------------------------|
2026-09-23T07:36:55Z [3,315ms] [Warning] [gpu.foundation.plugin] ECC is enabled on physical device 0
2026-09-23T07:36:55Z [3,317ms] [Warning] [gpu.foundation.plugin] IOMMU is enabled.
2026-09-23T07:36:57Z [4,594ms] [Warning] [carb.windowing-glfw.plugin] GLFW initialization failed.
2026-09-23T07:36:57Z [4,594ms] [Warning] [carb] Failed to startup plugin carb.windowing-glfw.plugin (interfaces: [carb::windowing::IGLContext v1.0],[carb::windowing::IWindowing v1.5]) (impl: carb.windowing-glfw.plugin)
2026-09-23T07:36:57Z [4,626ms] [Warning] [carb.windowing-glfw.plugin] GLFW initialization failed.
2026-09-23T07:36:57Z [4,626ms] [Warning] [carb] Failed to startup plugin carb.windowing-glfw.plugin (interfaces: [carb::windowing::IGLContext v1.0],[carb::windowing::IWindowing v1.5]) (impl: carb.windowing-glfw.plugin)
2026-09-23T07:36:57Z [4,636ms] [Warning] [carb.windowing-glfw.plugin] GLFW initialization failed.
2026-09-23T07:36:57Z [4,636ms] [Warning] [carb] Failed to startup plugin carb.windowing-glfw.plugin (interfaces: [carb::windowing::IGLContext v1.0],[carb::windowing::IWindowing v1.5]) (impl: carb.windowing-glfw.plugin)
2026-09-23T07:36:57Z [4,676ms] [Warning] [carb.windowing-glfw.plugin] GLFW initialization failed.
2026-09-23T07:36:57Z [4,676ms] [Warning] [carb] Failed to startup plugin carb.windowing-glfw.plugin (interfaces: [carb::windowing::IGLContext v1.0],[carb::windowing::IWindowing v1.5]) (impl: carb.windowing-glfw.plugin)
2026-09-23T07:36:57Z [4,678ms] [Warning] [carb.windowing-glfw.plugin] GLFW initialization failed.
2026-09-23T07:36:57Z [4,678ms] [Warning] [carb] Failed to startup plugin carb.windowing-glfw.plugin (interfaces: [carb::windowing::IGLContext v1.0],[carb::windowing::IWindowing v1.5]) (impl: carb.windowing-glfw.plugin)
2026-09-23T07:36:57Z [4,680ms] [Warning] [carb.windowing-glfw.plugin] GLFW initialization failed.
2026-09-23T07:36:57Z [4,680ms] [Warning] [carb] Failed to startup plugin carb.windowing-glfw.plugin (interfaces: [carb::windowing::IGLContext v1.0],[carb::windowing::IWindowing v1.5]) (impl: carb.windowing-glfw.plugin)
2026-09-23T07:36:57Z [5,001ms] [Warning] [omni.log] Source: omni.hydra was already registered.
2026-09-23T07:36:58Z [6,001ms] [Warning] [omni.isaac.dynamic_control] omni.isaac.dynamic_control is deprecated as of Isaac Sim 4.5. No action is needed from end-users.
2026-09-23T07:37:01Z [9,293ms] [Warning] [pxr.Semantics] pxr.Semantics is deprecated - please use Semantics instead
2026-09-23T07:37:01Z [9,562ms] [Warning] [omni.replicator.core.scripts.extension] No material configuration file, adding configuration to material settings directly.
2026-09-23T07:37:07Z [15,210ms] [Warning] [usdrt.population.plugin] using high frequency span is disabled
2026-09-23T07:37:07Z [15,274ms] [Warning] [rtx.neuraylib.plugin] [LINK:PLUGIN]   0.0   LINK   plug warn : Loading /data/users/ali/vla_wam/envs/robolab-v2-isaac50/lib/python3.11/site-packages/isaacsim/extscache/omni.iray.libs-0.0.0+8131b85d.lx64.r/bin/iray/nvcuvid_video_decoder.so: libnvcuvid.so.1: cannot open shared object file: No such file or directory
2026-09-23T07:37:07Z [15,275ms] [Warning] [rtx.neuraylib.plugin] [LINK:PLUGIN]   0.0   LINK   plug warn : Loading .\nt-x86-64\lib\nvcuvid_video_decoder.so: .\nt-x86-64\lib\nvcuvid_video_decoder.so: cannot open shared object file: No such file or directory
2026-09-23T07:37:07Z [15,275ms] [Warning] [rtx.neuraylib.plugin] Failed to load nvcuvid h264 decoder plugin. Iray Bridge h264 support will not be available.
2026-09-23T07:37:07Z [15,569ms] [Warning] [carb.graphics-vulkan.plugin] Trying to initialize NGX without vkGetInstanceProcAddr and vkGetDeviceProcAddr pointer-to-functions.
2026-09-23T07:37:08Z [15,569ms] [Warning] [carb.scenerenderer-rtx.plugin] Failed to create NGX context.
2026-09-23T07:37:10Z [18,424ms] [Warning] [usdrt.hydra.fabric_scene_delegate.plugin] using high frequency span is disabled
2026-09-23T07:37:10Z [18,424ms] [Warning] [usdrt.hydra.fabric_scene_delegate.plugin] using high frequency span is disabled
2026-09-23T07:37:10Z [18,424ms] [Warning] [usdrt.hydra.fabric_scene_delegate.plugin] using high frequency span with attrs is disabled
2026-09-23T07:37:10Z [18,436ms] [Warning] [omni.fabric.plugin] Warning: attribute viewportHandle not found for bucket id 7

2026-09-23T07:37:10Z [18,451ms] [Warning] [usdrt.hydra.fabric_scene_delegate.plugin] using high frequency span is disabled
2026-09-23T07:37:10Z [18,452ms] [Warning] [usdrt.hydra.fabric_scene_delegate.plugin] using high frequency span is disabled
2026-09-23T07:37:12Z [19,926ms] [Warning] [isaacsim.core.simulation_manager.impl.simulation_manager] CCD is not supported on GPU, ignoring request to enable it
2026-09-23T07:37:15Z [23,464ms] [Warning] [isaaclab.actuators.actuator_pd] The <ImplicitActuatorCfg> object has a value for 'effort_limit'. This parameter will be removed in the future. To set the effort limit, please use 'effort_limit_sim' instead.
2026-09-23T07:37:15Z [23,464ms] [Warning] [isaaclab.actuators.actuator_pd] The <ImplicitActuatorCfg> object has a value for 'velocity_limit'. Previously, although this value was specified, it was not getting used by implicit actuators. Since this parameter affects the simulation behavior, we continue to not use it. This parameter will be removed in the future. To set the velocity limit, please use 'velocity_limit_sim' instead.
2026-09-23T07:37:15Z [23,512ms] [Warning] [isaaclab.actuators.actuator_pd] The <ImplicitActuatorCfg> object has a value for 'effort_limit'. This parameter will be removed in the future. To set the effort limit, please use 'effort_limit_sim' instead.
2026-09-23T07:37:15Z [23,512ms] [Warning] [isaaclab.actuators.actuator_pd] The <ImplicitActuatorCfg> object has a value for 'velocity_limit'. Previously, although this value was specified, it was not getting used by implicit actuators. Since this parameter affects the simulation behavior, we continue to not use it. This parameter will be removed in the future. To set the velocity limit, please use 'velocity_limit_sim' instead.
2026-09-23T07:37:15Z [23,518ms] [Warning] [isaaclab.actuators.actuator_pd] The <ImplicitActuatorCfg> object has a value for 'velocity_limit'. Previously, although this value was specified, it was not getting used by implicit actuators. Since this parameter affects the simulation behavior, we continue to not use it. This parameter will be removed in the future. To set the velocity limit, please use 'velocity_limit_sim' instead.
2026-09-23T07:37:15Z [23,523ms] [Warning] [isaaclab.assets.articulation.articulation] Not all actuators are configured! Total number of actuated joints not equal to number of joints available: 8 != 13.
2026-09-23T07:37:16Z [23,723ms] [Warning] [usdrt.hydra.fabric_scene_delegate.plugin] using high frequency span with attrs is disabled
2026-09-23T07:37:16Z [23,752ms] [Warning] [usdrt.hydra.fabric_scene_delegate.plugin] using high frequency span with attrs is disabled
2026-09-23T07:37:24Z [31,748ms] [Warning] [omni.hydra] Parameter 'metallic' of shade node 'usd::rtx_scope0::/__Fabric_StageInfo/MaterialPool/mat_7bae7558/OmniPBR::::OmniPBR::OmniPBR((168))' not available in the MDL representation.
2026-09-23T07:37:24Z [31,748ms] [Warning] [omni.hydra] Parameter 'roughness' of shade node 'usd::rtx_scope0::/__Fabric_StageInfo/MaterialPool/mat_7bae7558/OmniPBR::::OmniPBR::OmniPBR((168))' not available in the MDL representation.
2026-09-23T07:37:24Z [32,162ms] [Warning] [omni.hydra] Parameter 'metallic' of shade node 'usd::rtx_scope0::/__Fabric_StageInfo/MaterialPool/mat_de89ae90/OmniPBR::::OmniPBR::OmniPBR((170))' not available in the MDL representation.
2026-09-23T07:37:24Z [32,162ms] [Warning] [omni.hydra] Parameter 'roughness' of shade node 'usd::rtx_scope0::/__Fabric_StageInfo/MaterialPool/mat_de89ae90/OmniPBR::::OmniPBR::OmniPBR((170))' not available in the MDL representation.
2026-09-23T07:37:24Z [32,425ms] [Warning] [omni.hydra] Parameter 'metallic' of shade node 'usd::rtx_scope0::/__Fabric_StageInfo/MaterialPool/mat_17041a19/OmniPBR::::OmniPBR::OmniPBR((200))' not available in the MDL representation.
2026-09-23T07:37:24Z [32,425ms] [Warning] [omni.hydra] Parameter 'roughness' of shade node 'usd::rtx_scope0::/__Fabric_StageInfo/MaterialPool/mat_17041a19/OmniPBR::::OmniPBR::OmniPBR((200))' not available in the MDL representation.
2026-09-23T07:37:27Z [35,227ms] [Warning] [omni.hydra] Parameter 'metallic' of shade node 'usd::rtx_scope0::/__Fabric_StageInfo/MaterialPool/mat_7bae7558/OmniPBR::::OmniPBR::OmniPBR((168))' not available in the MDL representation.
2026-09-23T07:37:27Z [35,227ms] [Warning] [omni.hydra] Parameter 'roughness' of shade node 'usd::rtx_scope0::/__Fabric_StageInfo/MaterialPool/mat_7bae7558/OmniPBR::::OmniPBR::OmniPBR((168))' not available in the MDL representation.
2026-09-23T07:37:27Z [35,228ms] [Warning] [omni.hydra] Parameter 'metallic' of shade node 'usd::rtx_scope0::/__Fabric_StageInfo/MaterialPool/mat_de89ae90/OmniPBR::::OmniPBR::OmniPBR((170))' not available in the MDL representation.
2026-09-23T07:37:27Z [35,228ms] [Warning] [omni.hydra] Parameter 'roughness' of shade node 'usd::rtx_scope0::/__Fabric_StageInfo/MaterialPool/mat_de89ae90/OmniPBR::::OmniPBR::OmniPBR((170))' not available in the MDL representation.
2026-09-23T07:37:27Z [35,231ms] [Warning] [omni.hydra] Parameter 'metallic' of shade node 'usd::rtx_scope0::/__Fabric_StageInfo/MaterialPool/mat_17041a19/OmniPBR::::OmniPBR::OmniPBR((200))' not available in the MDL representation.
2026-09-23T07:37:27Z [35,231ms] [Warning] [omni.hydra] Parameter 'roughness' of shade node 'usd::rtx_scope0::/__Fabric_StageInfo/MaterialPool/mat_17041a19/OmniPBR::::OmniPBR::OmniPBR((200))' not available in the MDL representation.
2026-09-23T07:37:31Z [38,969ms] [Warning] [carb] Client gpu.foundation.plugin has acquired [gpu::unstable::IMemoryBudgetManagerFactory v0.1] 100 times. Consider accessing this interface with carb::getCachedInterface() (Performance warning)
