[W923 19:10:55.629342271 socket.cpp:764] [c10d] The client socket cannot be initialized to connect to [::ffff:127.0.0.1]:44675 (errno: 97 - Address family not supported by protocol).
[09-23 19:10:55|job=|INFO|../../../vla_wam/external/cosmos-framework-411d25b/cosmos_framework/inference/common/init.py:127:_init_log_files] Console log saved to /data/users/ali/sgw-01/infrastructure/n3-fixedinput-20260923cw/run-cz/native-loader/console.log
[09-23 19:10:55|job=|INFO|../../../vla_wam/external/cosmos-framework-411d25b/cosmos_framework/inference/common/init.py:128:_init_log_files] Debug log saved to /data/users/ali/sgw-01/infrastructure/n3-fixedinput-20260923cw/run-cz/native-loader/debug.log
[09-23 19:10:55|job=|INFO|../../../vla_wam/external/cosmos-framework-411d25b/cosmos_framework/scripts/action_policy_server_utils.py:94:disable_runtime_ema_for_frozen_config] [action-server] disabled runtime EMA for frozen config model load
[09-23 19:10:55|job=|INFO|../../../vla_wam/external/cosmos-framework-411d25b/cosmos_framework/scripts/action_policy_server_robolab.py:367:__init__] [robolab-policy-server] loading model: checkpoint_path='/data/users/ali/vla_wam/checkpoints/cosmos3_nano_policy_droid' config_file='/data/users/ali/vla_wam/checkpoints/cosmos3_nano_policy_droid/config.json' experiment=''
[rank0]: Traceback (most recent call last):
[rank0]:   File "/data/users/ali/sgw-01/source/n3-fixedinput-20260923cw/experiments/workshops/spatial_grounding_v1/nano_backend.py", line 121, in build_pinned_nano_backend
[rank0]:     service = service_type(args)
[rank0]:   File "/data/users/ali/vla_wam/external/cosmos-framework-411d25b/cosmos_framework/scripts/action_policy_server_robolab.py", line 371, in __init__
[rank0]:     pipe = OmniInference.create(setup_args)
[rank0]:   File "/data/users/ali/vla_wam/external/cosmos-framework-411d25b/cosmos_framework/inference/common/inference.py", line 105, in create
[rank0]:     guardrails = GuardrailRunners.create(setup_args) if setup_args.guardrails else None
[rank0]:                  ~~~~~~~~~~~~~~~~~~~~~~~^^^^^^^^^^^^
[rank0]:   File "/data/users/ali/vla_wam/external/cosmos-framework-411d25b/cosmos_framework/inference/common/inference.py", line 59, in create
[rank0]:     from cosmos_framework.auxiliary.guardrail.common import presets
[rank0]:   File "/data/users/ali/vla_wam/external/cosmos-framework-411d25b/cosmos_framework/auxiliary/guardrail/common/presets.py", line 8, in <module>
[rank0]:     from cosmos_framework.auxiliary.guardrail.face_blur_filter.face_blur_filter import RetinaFaceFilter
[rank0]:   File "/data/users/ali/vla_wam/external/cosmos-framework-411d25b/cosmos_framework/auxiliary/guardrail/face_blur_filter/face_blur_filter.py", line 10, in <module>
[rank0]:     from retinaface.data import cfg_re50
[rank0]:   File "/data/users/ali/vla_wam/envs/cosmos-nano-411d25b-v3-exact/lib/python3.13/site-packages/retinaface/__init__.py", line 1, in <module>
[rank0]:     from .inference_framework import RetinaFaceDetector
[rank0]:   File "/data/users/ali/vla_wam/envs/cosmos-nano-411d25b-v3-exact/lib/python3.13/site-packages/retinaface/inference_framework.py", line 8, in <module>
[rank0]:     import retinaface.detect as rf_detect
[rank0]:   File "/data/users/ali/vla_wam/envs/cosmos-nano-411d25b-v3-exact/lib/python3.13/site-packages/retinaface/detect.py", line 8, in <module>
[rank0]:     import cv2
[rank0]:   File "/data/users/ali/vla_wam/envs/cosmos-nano-411d25b-v3-exact/lib/python3.13/site-packages/cv2/__init__.py", line 181, in <module>
[rank0]:     bootstrap()
[rank0]:     ~~~~~~~~~^^
[rank0]:   File "/data/users/ali/vla_wam/envs/cosmos-nano-411d25b-v3-exact/lib/python3.13/site-packages/cv2/__init__.py", line 153, in bootstrap
[rank0]:     native_module = importlib.import_module("cv2")
[rank0]:   File "/data/users/ali/vla_wam/envs/python-builds-cosmos/cpython-3.13.6-linux-x86_64-gnu/lib/python3.13/importlib/__init__.py", line 88, in import_module
[rank0]:     return _bootstrap._gcd_import(name[level:], package, level)
[rank0]:            ~~~~~~~~~~~~~~~~~~~~~~^^^^^^^^^^^^^^^^^^^^^^^^^^^^^^
[rank0]: ImportError: libxcb.so.1: cannot open shared object file: No such file or directory

[rank0]: The above exception was the direct cause of the following exception:

[rank0]: Traceback (most recent call last):
[rank0]:   File "<frozen runpy>", line 198, in _run_module_as_main
[rank0]:   File "<frozen runpy>", line 88, in _run_code
[rank0]:   File "/data/users/ali/sgw-01/source/n3-fixedinput-20260923cw/experiments/workshops/spatial_grounding_v1/nano_fixed_input.py", line 272, in <module>
[rank0]:     main()
[rank0]:     ~~~~^^
[rank0]:   File "/data/users/ali/sgw-01/source/n3-fixedinput-20260923cw/experiments/workshops/spatial_grounding_v1/nano_fixed_input.py", line 268, in main
[rank0]:     print(json.dumps(run(args.registration, args.output), sort_keys=True))
[rank0]:                      ~~~^^^^^^^^^^^^^^^^^^^^^^^^^^^^^^^^
[rank0]:   File "/data/users/ali/sgw-01/source/n3-fixedinput-20260923cw/experiments/workshops/spatial_grounding_v1/nano_fixed_input.py", line 129, in run
[rank0]:     backend = build_pinned_nano_backend()
[rank0]:   File "/data/users/ali/sgw-01/source/n3-fixedinput-20260923cw/experiments/workshops/spatial_grounding_v1/nano_backend.py", line 123, in build_pinned_nano_backend
[rank0]:     raise AdapterError("pinned Cosmos Nano service construction failed") from exc
[rank0]: experiments.workshops.spatial_grounding_v1.adapters.AdapterError: pinned Cosmos Nano service construction failed
[rank0]:[W923 19:10:58.562670025 ProcessGroupNCCL.cpp:1553] Warning: WARNING: destroy_process_group() was not called before program exit, which can leak resources. For more info, please see https://pytorch.org/docs/stable/distributed.html#shutdown (function operator())
